%!Adobe-FontList 1.20
%Locale:0x409

%BeginFont
Handler:DirectoryHandler
FontType:TrueType
FontName:BookAntiqua-Bold
FamilyName:Book Antiqua
StyleName:Bold
MenuName:Book Antiqua
StyleBits:2
WeightClass:700
WidthClass:5
AngleClass:0
FullName:Book Antiqua Bold
WritingScript:Roman
OutlineFileName:/Users/atomicovermind/Dropbox/Work/Green Ronin/Master Production/Creators Alliance/MAGE Community/MAGE CA Templates - Live/MAGE__CA_Template_2020-05-14/Document fonts/ANTQUAB.TTF
DataFormat:sfntData
hasSVG:no
VariableFontType:NonVariableFont
FileLength:151000
FileModTime:-67430484
NameArray:0,Mac,4,Book Antiqua Bold
NameArray:0,Win,1,Book Antiqua
%EndFont

%BeginFont
Handler:DirectoryHandler
FontType:TrueType
FontName:BookAntiqua-Italic
FamilyName:Book Antiqua
StyleName:Italic
MenuName:Book Antiqua
StyleBits:1
WeightClass:400
WidthClass:5
AngleClass:1
FullName:Book Antiqua Italic
WritingScript:Roman
OutlineFileName:/Users/atomicovermind/Dropbox/Work/Green Ronin/Master Production/Creators Alliance/MAGE Community/MAGE CA Templates - Live/MAGE__CA_Template_2020-05-14/Document fonts/ANTQUAI.TTF
DataFormat:sfntData
hasSVG:no
VariableFontType:NonVariableFont
FileLength:149092
FileModTime:-67430480
NameArray:0,Mac,4,Book Antiqua Italic
NameArray:0,Win,1,Book Antiqua
%EndFont

%BeginFont
Handler:DirectoryHandler
FontType:Invalid
OutlineFileName:/Users/atomicovermind/Dropbox/Work/Green Ronin/Master Production/Creators Alliance/MAGE Community/MAGE CA Templates - Live/MAGE__CA_Template_2020-05-14/Document fonts/AdobeFnt21.lst
FileLength:3172
FileModTime:611184273
%EndFont

%BeginFont
Handler:DirectoryHandler
FontType:TrueType
FontName:BookAntiqua
FamilyName:Book Antiqua
StyleName:Regular
MenuName:Book Antiqua
StyleBits:0
WeightClass:400
WidthClass:5
AngleClass:0
FullName:Book Antiqua
WritingScript:Roman
OutlineFileName:/Users/atomicovermind/Dropbox/Work/Green Ronin/Master Production/Creators Alliance/MAGE Community/MAGE CA Templates - Live/MAGE__CA_Template_2020-05-14/Document fonts/BKANT.TTF
DataFormat:sfntData
hasSVG:no
VariableFontType:NonVariableFont
FileLength:155528
FileModTime:-67430488
NameArray:0,Mac,4,Book Antiqua
NameArray:0,Win,1,Book Antiqua
%EndFont

%BeginFont
Handler:DirectoryHandler
FontType:TrueType
FontName:EternalKnight
FamilyName:Eternal Knight
StyleName:Regular
MenuName:Eternal Knight
StyleBits:0
WeightClass:400
WidthClass:5
AngleClass:0
FullName:Eternal Knight Regular
WritingScript:Roman
OutlineFileName:/Users/atomicovermind/Dropbox/Work/Green Ronin/Master Production/Creators Alliance/MAGE Community/MAGE CA Templates - Live/MAGE__CA_Template_2020-05-14/Document fonts/eternalknight.ttf
DataFormat:sfntData
hasSVG:no
VariableFontType:NonVariableFont
FileLength:31296
FileModTime:543100842
NameArray:0,Mac,4,Eternal Knight Regular
NameArray:0,Win,1,Eternal Knight
%EndFont

%BeginFont
Handler:DirectoryHandler
FontType:TrueType
FontName:EternalKnightBold
FamilyName:Eternal Knight Bold
StyleName:Bold
MenuName:Eternal Knight Bold
StyleBits:0
WeightClass:400
WidthClass:5
AngleClass:0
FullName:Eternal Knight Bold
WritingScript:Roman
OutlineFileName:/Users/atomicovermind/Dropbox/Work/Green Ronin/Master Production/Creators Alliance/MAGE Community/MAGE CA Templates - Live/MAGE__CA_Template_2020-05-14/Document fonts/eternalknightbold.ttf
DataFormat:sfntData
hasSVG:no
VariableFontType:NonVariableFont
FileLength:31592
FileModTime:543100842
NameArray:0,Mac,4,Eternal Knight Bold
NameArray:0,Win,1,Eternal Knight Bold
%EndFont

